
2020/11/03 10:22:28 network.go:133: 消息写入...

2020/11/03 10:23:05 network.go:145: 用户进入   IP: 127.0.0.1:6831

2020/11/03 10:26:30 network.go:145: 用户进入   IP: 127.0.0.1:7200

2020/11/03 10:26:50 network.go:145: 用户进入   IP: 127.0.0.1:7212
